[RUN] id=20260213_230032 epochs=20 emb_dim=512 verif_interval=5000
[RUN] train_log_interval=1000 num_classes=85742
[RUN] train_log=logs/train/train_20260213_230032.log test_log=logs/test/test_20260213_230032.log
[RUN] torchao_int8=True
step=1000 epoch=1 loss=45.9789 acc=0.000010 lr=0.01
step=2000 epoch=1 loss=45.5893 acc=0.000018 lr=0.01
step=3000 epoch=1 loss=44.8497 acc=0.000043 lr=0.01
step=4000 epoch=1 loss=44.2467 acc=0.000060 lr=0.01
step=5000 epoch=1 loss=43.8288 acc=0.000071 lr=0.01
step=6000 epoch=1 loss=43.5214 acc=0.000080 lr=0.01
step=7000 epoch=1 loss=43.3062 acc=0.000087 lr=0.01
step=8000 epoch=1 loss=43.1434 acc=0.000092 lr=0.01
step=9000 epoch=1 loss=43.0163 acc=0.000098 lr=0.01
step=10000 epoch=1 loss=42.9147 acc=0.000104 lr=0.01
step=11000 epoch=1 loss=42.8301 acc=0.000111 lr=0.01
step=12000 epoch=1 loss=42.7587 acc=0.000125 lr=0.01
step=13000 epoch=1 loss=42.6964 acc=0.000134 lr=0.01
step=14000 epoch=1 loss=42.6410 acc=0.000141 lr=0.01
step=15000 epoch=1 loss=42.5895 acc=0.000152 lr=0.01
step=16000 epoch=1 loss=42.5398 acc=0.000160 lr=0.01
step=17000 epoch=1 loss=42.4918 acc=0.000171 lr=0.01
step=18000 epoch=1 loss=42.4457 acc=0.000188 lr=0.01
step=19000 epoch=1 loss=42.4017 acc=0.000206 lr=0.01
step=20000 epoch=1 loss=42.3600 acc=0.000223 lr=0.01
step=21000 epoch=1 loss=42.3204 acc=0.000243 lr=0.01
step=22000 epoch=1 loss=42.2829 acc=0.000262 lr=0.01
step=23000 epoch=1 loss=42.2463 acc=0.000289 lr=0.01
step=24000 epoch=1 loss=42.2101 acc=0.000320 lr=0.01
step=25000 epoch=1 loss=42.1736 acc=0.000355 lr=0.01
step=26000 epoch=1 loss=42.1369 acc=0.000395 lr=0.01
step=27000 epoch=1 loss=42.0987 acc=0.000454 lr=0.01
step=28000 epoch=1 loss=42.0589 acc=0.000528 lr=0.01
step=29000 epoch=1 loss=42.0173 acc=0.000620 lr=0.01
step=30000 epoch=1 loss=41.9731 acc=0.000751 lr=0.01
epoch=1 train_loss=41.9567 train_acc=0.000805 epoch_time=3215.2s ETA=16:58:08
step=31000 epoch=2 loss=40.5311 acc=0.006756 lr=0.01
step=32000 epoch=2 loss=40.4000 acc=0.008203 lr=0.01
step=33000 epoch=2 loss=40.2938 acc=0.009789 lr=0.01
step=34000 epoch=2 loss=40.1903 acc=0.011896 lr=0.01
step=35000 epoch=2 loss=40.0825 acc=0.014490 lr=0.01
step=36000 epoch=2 loss=39.9725 acc=0.017633 lr=0.01
step=37000 epoch=2 loss=39.8576 acc=0.021594 lr=0.01
step=38000 epoch=2 loss=39.7405 acc=0.026336 lr=0.01
step=39000 epoch=2 loss=39.6192 acc=0.031953 lr=0.01
step=40000 epoch=2 loss=39.4927 acc=0.038677 lr=0.01
step=41000 epoch=2 loss=39.3627 acc=0.046462 lr=0.01
step=42000 epoch=2 loss=39.2260 acc=0.055735 lr=0.01
step=43000 epoch=2 loss=39.0859 acc=0.066243 lr=0.01
step=44000 epoch=2 loss=38.9394 acc=0.078027 lr=0.01
step=45000 epoch=2 loss=38.7861 acc=0.091009 lr=0.01
step=46000 epoch=2 loss=38.6271 acc=0.105142 lr=0.01
step=47000 epoch=2 loss=38.4611 acc=0.120234 lr=0.01
step=48000 epoch=2 loss=38.2880 acc=0.136208 lr=0.01
step=49000 epoch=2 loss=38.1070 acc=0.152896 lr=0.01
step=50000 epoch=2 loss=37.9189 acc=0.169955 lr=0.01
step=51000 epoch=2 loss=37.7236 acc=0.187212 lr=0.01
step=52000 epoch=2 loss=37.5214 acc=0.204478 lr=0.01
step=53000 epoch=2 loss=37.3135 acc=0.221722 lr=0.01
step=54000 epoch=2 loss=37.0963 acc=0.238766 lr=0.01
step=55000 epoch=2 loss=36.8700 acc=0.255540 lr=0.01
step=56000 epoch=2 loss=36.6354 acc=0.271997 lr=0.01
step=57000 epoch=2 loss=36.3937 acc=0.287986 lr=0.01
step=58000 epoch=2 loss=36.1412 acc=0.303711 lr=0.01
step=59000 epoch=2 loss=35.8800 acc=0.318940 lr=0.01
step=60000 epoch=2 loss=35.6110 acc=0.333690 lr=0.01
epoch=2 train_loss=35.4277 train_acc=0.343102 epoch_time=3123.4s ETA=15:37:00
step=61000 epoch=3 loss=26.3450 acc=0.798516 lr=0.01
step=62000 epoch=3 loss=25.9789 acc=0.801909 lr=0.01
step=63000 epoch=3 loss=25.6113 acc=0.806219 lr=0.01
step=64000 epoch=3 loss=25.2644 acc=0.810859 lr=0.01
step=65000 epoch=3 loss=24.9145 acc=0.815594 lr=0.01
step=66000 epoch=3 loss=24.5831 acc=0.820146 lr=0.01
step=67000 epoch=3 loss=24.2593 acc=0.824666 lr=0.01
step=68000 epoch=3 loss=23.9471 acc=0.828982 lr=0.01
step=69000 epoch=3 loss=23.6544 acc=0.832882 lr=0.01
step=70000 epoch=3 loss=23.3809 acc=0.836713 lr=0.01
step=71000 epoch=3 loss=23.1274 acc=0.840234 lr=0.01
step=72000 epoch=3 loss=22.8937 acc=0.843570 lr=0.01
step=73000 epoch=3 loss=22.6780 acc=0.846721 lr=0.01
step=74000 epoch=3 loss=22.4782 acc=0.849612 lr=0.01
step=75000 epoch=3 loss=22.2939 acc=0.852398 lr=0.01
step=76000 epoch=3 loss=22.1193 acc=0.855084 lr=0.01
step=77000 epoch=3 loss=21.9595 acc=0.857607 lr=0.01
step=78000 epoch=3 loss=21.8132 acc=0.859921 lr=0.01
step=79000 epoch=3 loss=21.6804 acc=0.862076 lr=0.01
step=80000 epoch=3 loss=21.5571 acc=0.864081 lr=0.01
step=81000 epoch=3 loss=21.4411 acc=0.865984 lr=0.01
step=82000 epoch=3 loss=21.3310 acc=0.867886 lr=0.01
step=83000 epoch=3 loss=21.2311 acc=0.869614 lr=0.01
step=84000 epoch=3 loss=21.1336 acc=0.871311 lr=0.01
step=85000 epoch=3 loss=21.0446 acc=0.872887 lr=0.01
step=86000 epoch=3 loss=20.9593 acc=0.874389 lr=0.01
step=87000 epoch=3 loss=20.8786 acc=0.875872 lr=0.01
step=88000 epoch=3 loss=20.8018 acc=0.877243 lr=0.01
step=89000 epoch=3 loss=20.7310 acc=0.878523 lr=0.01
step=90000 epoch=3 loss=20.6613 acc=0.879797 lr=0.01
epoch=3 train_loss=20.5956 train_acc=0.880972 epoch_time=2839.0s ETA=13:24:23
step=91000 epoch=4 loss=19.7630 acc=0.925164 lr=0.01
step=92000 epoch=4 loss=17.9904 acc=0.927252 lr=0.01
step=93000 epoch=4 loss=18.0924 acc=0.925613 lr=0.01
step=94000 epoch=4 loss=18.1590 acc=0.925025 lr=0.01
step=95000 epoch=4 loss=18.2047 acc=0.924694 lr=0.01
step=96000 epoch=4 loss=18.2376 acc=0.924287 lr=0.01
step=97000 epoch=4 loss=18.2529 acc=0.924082 lr=0.01
step=98000 epoch=4 loss=18.2629 acc=0.924011 lr=0.01
step=99000 epoch=4 loss=18.2755 acc=0.923783 lr=0.01
step=100000 epoch=4 loss=18.2781 acc=0.923772 lr=0.01
step=101000 epoch=4 loss=18.2801 acc=0.923745 lr=0.01
step=102000 epoch=4 loss=18.2759 acc=0.923825 lr=0.01
step=103000 epoch=4 loss=18.2689 acc=0.923932 lr=0.01
step=104000 epoch=4 loss=18.2593 acc=0.924139 lr=0.01
step=105000 epoch=4 loss=18.2518 acc=0.924233 lr=0.01
step=106000 epoch=4 loss=18.2417 acc=0.924404 lr=0.01
step=107000 epoch=4 loss=18.2314 acc=0.924596 lr=0.01
step=108000 epoch=4 loss=18.2169 acc=0.924819 lr=0.01
step=109000 epoch=4 loss=18.2036 acc=0.925003 lr=0.01
step=110000 epoch=4 loss=18.1904 acc=0.925238 lr=0.01
step=111000 epoch=4 loss=18.1767 acc=0.925418 lr=0.01
step=112000 epoch=4 loss=18.1626 acc=0.925613 lr=0.01
step=113000 epoch=4 loss=18.1495 acc=0.925793 lr=0.01
step=114000 epoch=4 loss=18.1349 acc=0.925975 lr=0.01
step=115000 epoch=4 loss=18.1195 acc=0.926181 lr=0.01
step=116000 epoch=4 loss=18.1052 acc=0.926386 lr=0.01
step=117000 epoch=4 loss=18.0897 acc=0.926600 lr=0.01
step=118000 epoch=4 loss=18.0731 acc=0.926818 lr=0.01
step=119000 epoch=4 loss=18.0585 acc=0.927025 lr=0.01
step=120000 epoch=4 loss=18.0439 acc=0.927206 lr=0.01
step=121000 epoch=4 loss=18.0296 acc=0.927412 lr=0.01
epoch=4 train_loss=18.0243 train_acc=0.927465 epoch_time=2839.4s ETA=12:37:09
step=122000 epoch=5 loss=16.8650 acc=0.942641 lr=0.01
step=123000 epoch=5 loss=16.9588 acc=0.941708 lr=0.01
step=124000 epoch=5 loss=17.0672 acc=0.940369 lr=0.01
step=125000 epoch=5 loss=17.1276 acc=0.939840 lr=0.01
step=126000 epoch=5 loss=17.1738 acc=0.939344 lr=0.01
step=127000 epoch=5 loss=17.2027 acc=0.938964 lr=0.01
step=128000 epoch=5 loss=17.2160 acc=0.938762 lr=0.01
step=129000 epoch=5 loss=17.2258 acc=0.938634 lr=0.01
step=130000 epoch=5 loss=17.2310 acc=0.938520 lr=0.01
step=131000 epoch=5 loss=17.2359 acc=0.938444 lr=0.01
step=132000 epoch=5 loss=17.2408 acc=0.938346 lr=0.01
step=133000 epoch=5 loss=17.2474 acc=0.938237 lr=0.01
step=134000 epoch=5 loss=17.2449 acc=0.938254 lr=0.01
step=135000 epoch=5 loss=17.2432 acc=0.938261 lr=0.01
step=136000 epoch=5 loss=17.2390 acc=0.938265 lr=0.01
step=137000 epoch=5 loss=17.2398 acc=0.938264 lr=0.01
step=138000 epoch=5 loss=17.2336 acc=0.938356 lr=0.01
step=139000 epoch=5 loss=17.2272 acc=0.938408 lr=0.01
step=140000 epoch=5 loss=17.2196 acc=0.938457 lr=0.01
step=141000 epoch=5 loss=17.2128 acc=0.938520 lr=0.01
step=142000 epoch=5 loss=17.2068 acc=0.938539 lr=0.01
step=143000 epoch=5 loss=17.1987 acc=0.938619 lr=0.01
step=144000 epoch=5 loss=17.1933 acc=0.938674 lr=0.01
step=145000 epoch=5 loss=17.1857 acc=0.938746 lr=0.01
step=146000 epoch=5 loss=17.1757 acc=0.938801 lr=0.01
step=147000 epoch=5 loss=17.1678 acc=0.938883 lr=0.01
step=148000 epoch=5 loss=17.1592 acc=0.938953 lr=0.01
step=149000 epoch=5 loss=17.1521 acc=0.939011 lr=0.01
step=150000 epoch=5 loss=17.1429 acc=0.939124 lr=0.01
step=151000 epoch=5 loss=17.1344 acc=0.939208 lr=0.01
epoch=5 train_loss=17.1277 train_acc=0.939282 epoch_time=2842.3s ETA=11:50:34
step=152000 epoch=6 loss=15.2436 acc=0.936373 lr=0.003
step=153000 epoch=6 loss=14.7588 acc=0.940331 lr=0.003
step=154000 epoch=6 loss=14.5682 acc=0.941468 lr=0.003
step=155000 epoch=6 loss=14.4119 acc=0.942362 lr=0.003
step=156000 epoch=6 loss=14.2724 acc=0.943257 lr=0.003
step=157000 epoch=6 loss=14.1674 acc=0.943957 lr=0.003
step=158000 epoch=6 loss=14.0704 acc=0.944714 lr=0.003
step=159000 epoch=6 loss=13.9888 acc=0.945438 lr=0.003
step=160000 epoch=6 loss=13.9183 acc=0.945986 lr=0.003
step=161000 epoch=6 loss=13.8618 acc=0.946441 lr=0.003
step=162000 epoch=6 loss=13.8074 acc=0.946895 lr=0.003
step=163000 epoch=6 loss=13.7628 acc=0.947285 lr=0.003
step=164000 epoch=6 loss=13.7223 acc=0.947614 lr=0.003
step=165000 epoch=6 loss=13.6899 acc=0.947898 lr=0.003
step=166000 epoch=6 loss=13.6569 acc=0.948178 lr=0.003
step=167000 epoch=6 loss=13.6300 acc=0.948379 lr=0.003
step=168000 epoch=6 loss=13.6073 acc=0.948584 lr=0.003
step=169000 epoch=6 loss=13.5836 acc=0.948786 lr=0.003
step=170000 epoch=6 loss=13.5633 acc=0.948961 lr=0.003
step=171000 epoch=6 loss=13.5452 acc=0.949134 lr=0.003
step=172000 epoch=6 loss=13.5284 acc=0.949287 lr=0.003
step=173000 epoch=6 loss=13.5124 acc=0.949431 lr=0.003
step=174000 epoch=6 loss=13.5003 acc=0.949559 lr=0.003
step=175000 epoch=6 loss=13.4871 acc=0.949689 lr=0.003
step=176000 epoch=6 loss=13.4748 acc=0.949804 lr=0.003
step=177000 epoch=6 loss=13.4636 acc=0.949941 lr=0.003
step=178000 epoch=6 loss=13.4547 acc=0.950030 lr=0.003
step=179000 epoch=6 loss=13.4471 acc=0.950121 lr=0.003
step=180000 epoch=6 loss=13.4403 acc=0.950207 lr=0.003
step=181000 epoch=6 loss=13.4345 acc=0.950275 lr=0.003
epoch=6 train_loss=13.4278 train_acc=0.950362 epoch_time=2840.5s ETA=11:02:47
step=182000 epoch=7 loss=12.6761 acc=0.963679 lr=0.003
step=183000 epoch=7 loss=12.4751 acc=0.959763 lr=0.003
step=184000 epoch=7 loss=12.5556 acc=0.959946 lr=0.003
step=185000 epoch=7 loss=12.6289 acc=0.959491 lr=0.003
step=186000 epoch=7 loss=12.6907 acc=0.959047 lr=0.003
step=187000 epoch=7 loss=12.7444 acc=0.958596 lr=0.003
step=188000 epoch=7 loss=12.7837 acc=0.958364 lr=0.003
step=189000 epoch=7 loss=12.8248 acc=0.958034 lr=0.003
step=190000 epoch=7 loss=12.8547 acc=0.957826 lr=0.003
step=191000 epoch=7 loss=12.8851 acc=0.957565 lr=0.003
step=192000 epoch=7 loss=12.9137 acc=0.957466 lr=0.003
step=193000 epoch=7 loss=12.9409 acc=0.957248 lr=0.003
step=194000 epoch=7 loss=12.9679 acc=0.957070 lr=0.003
step=195000 epoch=7 loss=12.9880 acc=0.956980 lr=0.003
step=196000 epoch=7 loss=13.0040 acc=0.956860 lr=0.003
step=197000 epoch=7 loss=13.0199 acc=0.956718 lr=0.003
step=198000 epoch=7 loss=13.0386 acc=0.956555 lr=0.003
step=199000 epoch=7 loss=13.0523 acc=0.956427 lr=0.003
step=200000 epoch=7 loss=13.0664 acc=0.956293 lr=0.003
step=201000 epoch=7 loss=13.0794 acc=0.956213 lr=0.003
step=202000 epoch=7 loss=13.0925 acc=0.956105 lr=0.003
step=203000 epoch=7 loss=13.1048 acc=0.956034 lr=0.003
step=204000 epoch=7 loss=13.1144 acc=0.955959 lr=0.003
step=205000 epoch=7 loss=13.1255 acc=0.955860 lr=0.003
step=206000 epoch=7 loss=13.1352 acc=0.955772 lr=0.003
step=207000 epoch=7 loss=13.1425 acc=0.955720 lr=0.003
step=208000 epoch=7 loss=13.1514 acc=0.955670 lr=0.003
step=209000 epoch=7 loss=13.1617 acc=0.955592 lr=0.003
step=210000 epoch=7 loss=13.1689 acc=0.955553 lr=0.003
step=211000 epoch=7 loss=13.1759 acc=0.955526 lr=0.003
step=212000 epoch=7 loss=13.1839 acc=0.955460 lr=0.003
epoch=7 train_loss=13.1851 train_acc=0.955446 epoch_time=2840.8s ETA=10:15:29
step=213000 epoch=8 loss=12.6037 acc=0.962670 lr=0.003
step=214000 epoch=8 loss=12.6850 acc=0.961618 lr=0.003
step=215000 epoch=8 loss=12.7648 acc=0.961058 lr=0.003
step=216000 epoch=8 loss=12.8468 acc=0.960350 lr=0.003
step=217000 epoch=8 loss=12.8932 acc=0.960100 lr=0.003
step=218000 epoch=8 loss=12.9369 acc=0.959720 lr=0.003
step=219000 epoch=8 loss=12.9821 acc=0.959277 lr=0.003
step=220000 epoch=8 loss=13.0186 acc=0.958941 lr=0.003
step=221000 epoch=8 loss=13.0453 acc=0.958680 lr=0.003
step=222000 epoch=8 loss=13.0731 acc=0.958475 lr=0.003
step=223000 epoch=8 loss=13.0985 acc=0.958255 lr=0.003
step=224000 epoch=8 loss=13.1233 acc=0.958070 lr=0.003
step=225000 epoch=8 loss=13.1453 acc=0.957830 lr=0.003
step=226000 epoch=8 loss=13.1610 acc=0.957653 lr=0.003
step=227000 epoch=8 loss=13.1759 acc=0.957491 lr=0.003
step=228000 epoch=8 loss=13.1895 acc=0.957370 lr=0.003
step=229000 epoch=8 loss=13.2037 acc=0.957213 lr=0.003
step=230000 epoch=8 loss=13.2154 acc=0.957132 lr=0.003
step=231000 epoch=8 loss=13.2269 acc=0.957018 lr=0.003
step=232000 epoch=8 loss=13.2362 acc=0.956937 lr=0.003
step=233000 epoch=8 loss=13.2446 acc=0.956860 lr=0.003
step=234000 epoch=8 loss=13.2524 acc=0.956802 lr=0.003
step=235000 epoch=8 loss=13.2590 acc=0.956734 lr=0.003
step=236000 epoch=8 loss=13.2683 acc=0.956660 lr=0.003
step=237000 epoch=8 loss=13.2756 acc=0.956572 lr=0.003
step=238000 epoch=8 loss=13.2831 acc=0.956495 lr=0.003
step=239000 epoch=8 loss=13.2888 acc=0.956426 lr=0.003
step=240000 epoch=8 loss=13.2941 acc=0.956380 lr=0.003
step=241000 epoch=8 loss=13.2998 acc=0.956328 lr=0.003
step=242000 epoch=8 loss=13.3051 acc=0.956287 lr=0.003
epoch=8 train_loss=13.3074 train_acc=0.956254 epoch_time=2840.8s ETA=09:28:09
step=243000 epoch=9 loss=12.1331 acc=0.958360 lr=0.0009
step=244000 epoch=9 loss=12.0258 acc=0.958661 lr=0.0009
step=245000 epoch=9 loss=11.9814 acc=0.958580 lr=0.0009
step=246000 epoch=9 loss=11.9491 acc=0.958593 lr=0.0009
step=247000 epoch=9 loss=11.9122 acc=0.958932 lr=0.0009
step=248000 epoch=9 loss=11.8871 acc=0.959039 lr=0.0009
step=249000 epoch=9 loss=11.8642 acc=0.959231 lr=0.0009
step=250000 epoch=9 loss=11.8390 acc=0.959316 lr=0.0009
step=251000 epoch=9 loss=11.8237 acc=0.959288 lr=0.0009
step=252000 epoch=9 loss=11.8123 acc=0.959351 lr=0.0009
step=253000 epoch=9 loss=11.8002 acc=0.959333 lr=0.0009
step=254000 epoch=9 loss=11.7887 acc=0.959381 lr=0.0009
step=255000 epoch=9 loss=11.7760 acc=0.959477 lr=0.0009
step=256000 epoch=9 loss=11.7707 acc=0.959468 lr=0.0009
step=257000 epoch=9 loss=11.7647 acc=0.959416 lr=0.0009
step=258000 epoch=9 loss=11.7543 acc=0.959461 lr=0.0009
step=259000 epoch=9 loss=11.7465 acc=0.959478 lr=0.0009
step=260000 epoch=9 loss=11.7450 acc=0.959442 lr=0.0009
step=261000 epoch=9 loss=11.7387 acc=0.959514 lr=0.0009
step=262000 epoch=9 loss=11.7337 acc=0.959548 lr=0.0009
step=263000 epoch=9 loss=11.7307 acc=0.959511 lr=0.0009
step=264000 epoch=9 loss=11.7254 acc=0.959503 lr=0.0009
step=265000 epoch=9 loss=11.7218 acc=0.959490 lr=0.0009
step=266000 epoch=9 loss=11.7178 acc=0.959469 lr=0.0009
step=267000 epoch=9 loss=11.7142 acc=0.959475 lr=0.0009
step=268000 epoch=9 loss=11.7117 acc=0.959474 lr=0.0009
step=269000 epoch=9 loss=11.7090 acc=0.959465 lr=0.0009
step=270000 epoch=9 loss=11.7063 acc=0.959446 lr=0.0009
step=271000 epoch=9 loss=11.7040 acc=0.959421 lr=0.0009
step=272000 epoch=9 loss=11.7024 acc=0.959422 lr=0.0009
epoch=9 train_loss=11.7000 train_acc=0.959413 epoch_time=2842.3s ETA=08:41:05
step=273000 epoch=10 loss=11.3412 acc=0.966009 lr=0.0009
step=274000 epoch=10 loss=10.9460 acc=0.966237 lr=0.0009
step=275000 epoch=10 loss=10.9760 acc=0.965950 lr=0.0009
step=276000 epoch=10 loss=11.0017 acc=0.965673 lr=0.0009
step=277000 epoch=10 loss=11.0399 acc=0.965258 lr=0.0009
step=278000 epoch=10 loss=11.0635 acc=0.965077 lr=0.0009
step=279000 epoch=10 loss=11.0992 acc=0.964705 lr=0.0009
step=280000 epoch=10 loss=11.1235 acc=0.964565 lr=0.0009
step=281000 epoch=10 loss=11.1506 acc=0.964318 lr=0.0009
step=282000 epoch=10 loss=11.1692 acc=0.964190 lr=0.0009
step=283000 epoch=10 loss=11.1925 acc=0.964031 lr=0.0009
step=284000 epoch=10 loss=11.2120 acc=0.963858 lr=0.0009
step=285000 epoch=10 loss=11.2256 acc=0.963736 lr=0.0009
step=286000 epoch=10 loss=11.2425 acc=0.963593 lr=0.0009
step=287000 epoch=10 loss=11.2598 acc=0.963464 lr=0.0009
step=288000 epoch=10 loss=11.2722 acc=0.963313 lr=0.0009
step=289000 epoch=10 loss=11.2865 acc=0.963232 lr=0.0009
step=290000 epoch=10 loss=11.3016 acc=0.963094 lr=0.0009
step=291000 epoch=10 loss=11.3141 acc=0.962980 lr=0.0009
step=292000 epoch=10 loss=11.3254 acc=0.962902 lr=0.0009
step=293000 epoch=10 loss=11.3371 acc=0.962783 lr=0.0009
step=294000 epoch=10 loss=11.3478 acc=0.962673 lr=0.0009
step=295000 epoch=10 loss=11.3578 acc=0.962554 lr=0.0009
step=296000 epoch=10 loss=11.3672 acc=0.962496 lr=0.0009
step=297000 epoch=10 loss=11.3774 acc=0.962388 lr=0.0009
step=298000 epoch=10 loss=11.3851 acc=0.962300 lr=0.0009
step=299000 epoch=10 loss=11.3927 acc=0.962231 lr=0.0009
step=300000 epoch=10 loss=11.4001 acc=0.962159 lr=0.0009
step=301000 epoch=10 loss=11.4078 acc=0.962068 lr=0.0009
step=302000 epoch=10 loss=11.4140 acc=0.961994 lr=0.0009
step=303000 epoch=10 loss=11.4203 acc=0.961929 lr=0.0009
epoch=10 train_loss=11.4218 train_acc=0.961898 epoch_time=2840.7s ETA=07:53:27
step=304000 epoch=11 loss=10.7360 acc=0.964683 lr=0.00027
step=305000 epoch=11 loss=10.6856 acc=0.965179 lr=0.00027
step=306000 epoch=11 loss=10.6759 acc=0.965226 lr=0.00027
step=307000 epoch=11 loss=10.6714 acc=0.965138 lr=0.00027
step=308000 epoch=11 loss=10.6768 acc=0.965122 lr=0.00027
step=309000 epoch=11 loss=10.6824 acc=0.965008 lr=0.00027
step=310000 epoch=11 loss=10.6829 acc=0.964984 lr=0.00027
step=311000 epoch=11 loss=10.6891 acc=0.964979 lr=0.00027
step=312000 epoch=11 loss=10.6967 acc=0.964871 lr=0.00027
step=313000 epoch=11 loss=10.6995 acc=0.964824 lr=0.00027
step=314000 epoch=11 loss=10.7038 acc=0.964759 lr=0.00027
step=315000 epoch=11 loss=10.7037 acc=0.964739 lr=0.00027
step=316000 epoch=11 loss=10.7058 acc=0.964734 lr=0.00027
step=317000 epoch=11 loss=10.7101 acc=0.964676 lr=0.00027
step=318000 epoch=11 loss=10.7130 acc=0.964686 lr=0.00027
step=319000 epoch=11 loss=10.7173 acc=0.964645 lr=0.00027
step=320000 epoch=11 loss=10.7213 acc=0.964596 lr=0.00027
step=321000 epoch=11 loss=10.7279 acc=0.964555 lr=0.00027
step=322000 epoch=11 loss=10.7314 acc=0.964556 lr=0.00027
step=323000 epoch=11 loss=10.7338 acc=0.964515 lr=0.00027
step=324000 epoch=11 loss=10.7362 acc=0.964464 lr=0.00027
step=325000 epoch=11 loss=10.7382 acc=0.964454 lr=0.00027
step=326000 epoch=11 loss=10.7419 acc=0.964413 lr=0.00027
step=327000 epoch=11 loss=10.7438 acc=0.964410 lr=0.00027
step=328000 epoch=11 loss=10.7473 acc=0.964378 lr=0.00027
step=329000 epoch=11 loss=10.7512 acc=0.964334 lr=0.00027
step=330000 epoch=11 loss=10.7523 acc=0.964311 lr=0.00027
step=331000 epoch=11 loss=10.7548 acc=0.964289 lr=0.00027
step=332000 epoch=11 loss=10.7573 acc=0.964257 lr=0.00027
step=333000 epoch=11 loss=10.7597 acc=0.964234 lr=0.00027
epoch=11 train_loss=10.7596 train_acc=0.964230 epoch_time=2841.3s ETA=07:06:11
step=334000 epoch=12 loss=10.4526 acc=0.966786 lr=0.00027
step=335000 epoch=12 loss=10.4554 acc=0.966367 lr=0.00027
step=336000 epoch=12 loss=10.4613 acc=0.966613 lr=0.00027
step=337000 epoch=12 loss=10.4557 acc=0.966546 lr=0.00027
step=338000 epoch=12 loss=10.4731 acc=0.966306 lr=0.00027
step=339000 epoch=12 loss=10.4814 acc=0.966238 lr=0.00027
step=340000 epoch=12 loss=10.4902 acc=0.966221 lr=0.00027
step=341000 epoch=12 loss=10.4992 acc=0.966254 lr=0.00027
step=342000 epoch=12 loss=10.5078 acc=0.966165 lr=0.00027
step=343000 epoch=12 loss=10.5146 acc=0.966145 lr=0.00027
step=344000 epoch=12 loss=10.5247 acc=0.966081 lr=0.00027
step=345000 epoch=12 loss=10.5349 acc=0.966040 lr=0.00027
step=346000 epoch=12 loss=10.5431 acc=0.965984 lr=0.00027
step=347000 epoch=12 loss=10.5539 acc=0.965875 lr=0.00027
step=348000 epoch=12 loss=10.5616 acc=0.965827 lr=0.00027
step=349000 epoch=12 loss=10.5732 acc=0.965730 lr=0.00027
step=350000 epoch=12 loss=10.5792 acc=0.965693 lr=0.00027
step=351000 epoch=12 loss=10.5886 acc=0.965596 lr=0.00027
step=352000 epoch=12 loss=10.5965 acc=0.965535 lr=0.00027
step=353000 epoch=12 loss=10.6029 acc=0.965453 lr=0.00027
step=354000 epoch=12 loss=10.6100 acc=0.965379 lr=0.00027
step=355000 epoch=12 loss=10.6167 acc=0.965323 lr=0.00027
step=356000 epoch=12 loss=10.6224 acc=0.965257 lr=0.00027
step=357000 epoch=12 loss=10.6273 acc=0.965245 lr=0.00027
step=358000 epoch=12 loss=10.6322 acc=0.965214 lr=0.00027
step=359000 epoch=12 loss=10.6377 acc=0.965171 lr=0.00027
step=360000 epoch=12 loss=10.6440 acc=0.965113 lr=0.00027
step=361000 epoch=12 loss=10.6492 acc=0.965074 lr=0.00027
step=362000 epoch=12 loss=10.6551 acc=0.965006 lr=0.00027
step=363000 epoch=12 loss=10.6597 acc=0.964953 lr=0.00027
epoch=12 train_loss=10.6627 train_acc=0.964943 epoch_time=2842.0s ETA=06:18:56
step=364000 epoch=13 loss=10.4512 acc=0.966420 lr=0.00027
step=365000 epoch=13 loss=10.3618 acc=0.966993 lr=0.00027
step=366000 epoch=13 loss=10.3993 acc=0.966909 lr=0.00027
step=367000 epoch=13 loss=10.4068 acc=0.966867 lr=0.00027
step=368000 epoch=13 loss=10.4187 acc=0.966942 lr=0.00027
step=369000 epoch=13 loss=10.4325 acc=0.966911 lr=0.00027
step=370000 epoch=13 loss=10.4445 acc=0.966833 lr=0.00027
step=371000 epoch=13 loss=10.4605 acc=0.966724 lr=0.00027
step=372000 epoch=13 loss=10.4707 acc=0.966706 lr=0.00027
step=373000 epoch=13 loss=10.4800 acc=0.966645 lr=0.00027
step=374000 epoch=13 loss=10.4899 acc=0.966539 lr=0.00027
step=375000 epoch=13 loss=10.4998 acc=0.966522 lr=0.00027
step=376000 epoch=13 loss=10.5068 acc=0.966440 lr=0.00027
step=377000 epoch=13 loss=10.5203 acc=0.966324 lr=0.00027
step=378000 epoch=13 loss=10.5307 acc=0.966234 lr=0.00027
step=379000 epoch=13 loss=10.5392 acc=0.966211 lr=0.00027
step=380000 epoch=13 loss=10.5458 acc=0.966143 lr=0.00027
step=381000 epoch=13 loss=10.5548 acc=0.966087 lr=0.00027
step=382000 epoch=13 loss=10.5638 acc=0.965995 lr=0.00027
step=383000 epoch=13 loss=10.5714 acc=0.965936 lr=0.00027
step=384000 epoch=13 loss=10.5789 acc=0.965865 lr=0.00027
step=385000 epoch=13 loss=10.5861 acc=0.965784 lr=0.00027
step=386000 epoch=13 loss=10.5918 acc=0.965715 lr=0.00027
step=387000 epoch=13 loss=10.5972 acc=0.965660 lr=0.00027
step=388000 epoch=13 loss=10.6041 acc=0.965594 lr=0.00027
step=389000 epoch=13 loss=10.6097 acc=0.965565 lr=0.00027
step=390000 epoch=13 loss=10.6162 acc=0.965515 lr=0.00027
step=391000 epoch=13 loss=10.6223 acc=0.965476 lr=0.00027
step=392000 epoch=13 loss=10.6289 acc=0.965384 lr=0.00027
step=393000 epoch=13 loss=10.6337 acc=0.965327 lr=0.00027
step=394000 epoch=13 loss=10.6400 acc=0.965260 lr=0.00027
epoch=13 train_loss=10.6407 train_acc=0.965250 epoch_time=2841.9s ETA=05:31:32
step=395000 epoch=14 loss=10.3654 acc=0.967415 lr=0.00027
step=396000 epoch=14 loss=10.3730 acc=0.967142 lr=0.00027
step=397000 epoch=14 loss=10.4044 acc=0.966878 lr=0.00027
step=398000 epoch=14 loss=10.4255 acc=0.966799 lr=0.00027
step=399000 epoch=14 loss=10.4358 acc=0.966682 lr=0.00027
step=400000 epoch=14 loss=10.4476 acc=0.966709 lr=0.00027
step=401000 epoch=14 loss=10.4615 acc=0.966556 lr=0.00027
step=402000 epoch=14 loss=10.4662 acc=0.966547 lr=0.00027
step=403000 epoch=14 loss=10.4729 acc=0.966467 lr=0.00027
step=404000 epoch=14 loss=10.4862 acc=0.966367 lr=0.00027
step=405000 epoch=14 loss=10.4980 acc=0.966239 lr=0.00027
step=406000 epoch=14 loss=10.5059 acc=0.966217 lr=0.00027
step=407000 epoch=14 loss=10.5146 acc=0.966153 lr=0.00027
step=408000 epoch=14 loss=10.5193 acc=0.966171 lr=0.00027
step=409000 epoch=14 loss=10.5264 acc=0.966110 lr=0.00027
step=410000 epoch=14 loss=10.5348 acc=0.966078 lr=0.00027
step=411000 epoch=14 loss=10.5439 acc=0.966051 lr=0.00027
step=412000 epoch=14 loss=10.5523 acc=0.965975 lr=0.00027
step=413000 epoch=14 loss=10.5600 acc=0.965952 lr=0.00027
step=414000 epoch=14 loss=10.5673 acc=0.965885 lr=0.00027
step=415000 epoch=14 loss=10.5753 acc=0.965830 lr=0.00027
step=416000 epoch=14 loss=10.5831 acc=0.965778 lr=0.00027
step=417000 epoch=14 loss=10.5909 acc=0.965717 lr=0.00027
step=418000 epoch=14 loss=10.5965 acc=0.965693 lr=0.00027
step=419000 epoch=14 loss=10.6029 acc=0.965663 lr=0.00027
step=420000 epoch=14 loss=10.6100 acc=0.965564 lr=0.00027
step=421000 epoch=14 loss=10.6160 acc=0.965488 lr=0.00027
step=422000 epoch=14 loss=10.6205 acc=0.965441 lr=0.00027
step=423000 epoch=14 loss=10.6267 acc=0.965386 lr=0.00027
step=424000 epoch=14 loss=10.6335 acc=0.965335 lr=0.00027
epoch=14 train_loss=10.6356 train_acc=0.965313 epoch_time=2842.3s ETA=04:44:13
step=425000 epoch=15 loss=10.3604 acc=0.967701 lr=0.00027
step=426000 epoch=15 loss=10.3549 acc=0.967739 lr=0.00027
step=427000 epoch=15 loss=10.3778 acc=0.967324 lr=0.00027
step=428000 epoch=15 loss=10.4029 acc=0.967073 lr=0.00027
step=429000 epoch=15 loss=10.4162 acc=0.966946 lr=0.00027
step=430000 epoch=15 loss=10.4304 acc=0.966960 lr=0.00027
step=431000 epoch=15 loss=10.4393 acc=0.966921 lr=0.00027
step=432000 epoch=15 loss=10.4472 acc=0.966893 lr=0.00027
step=433000 epoch=15 loss=10.4573 acc=0.966786 lr=0.00027
step=434000 epoch=15 loss=10.4688 acc=0.966726 lr=0.00027
step=435000 epoch=15 loss=10.4805 acc=0.966628 lr=0.00027
step=436000 epoch=15 loss=10.4904 acc=0.966539 lr=0.00027
step=437000 epoch=15 loss=10.5017 acc=0.966438 lr=0.00027
step=438000 epoch=15 loss=10.5093 acc=0.966402 lr=0.00027
step=439000 epoch=15 loss=10.5170 acc=0.966345 lr=0.00027
step=440000 epoch=15 loss=10.5258 acc=0.966275 lr=0.00027
step=441000 epoch=15 loss=10.5350 acc=0.966214 lr=0.00027
step=442000 epoch=15 loss=10.5436 acc=0.966142 lr=0.00027
step=443000 epoch=15 loss=10.5517 acc=0.966088 lr=0.00027
step=444000 epoch=15 loss=10.5609 acc=0.966021 lr=0.00027
step=445000 epoch=15 loss=10.5705 acc=0.965916 lr=0.00027
step=446000 epoch=15 loss=10.5778 acc=0.965841 lr=0.00027
step=447000 epoch=15 loss=10.5852 acc=0.965787 lr=0.00027
step=448000 epoch=15 loss=10.5917 acc=0.965718 lr=0.00027
step=449000 epoch=15 loss=10.5981 acc=0.965656 lr=0.00027
step=450000 epoch=15 loss=10.6059 acc=0.965588 lr=0.00027
step=451000 epoch=15 loss=10.6125 acc=0.965546 lr=0.00027
step=452000 epoch=15 loss=10.6187 acc=0.965504 lr=0.00027
step=453000 epoch=15 loss=10.6246 acc=0.965454 lr=0.00027
step=454000 epoch=15 loss=10.6310 acc=0.965392 lr=0.00027
epoch=15 train_loss=10.6348 train_acc=0.965362 epoch_time=2841.0s ETA=03:56:44
step=455000 epoch=16 loss=10.5834 acc=0.966118 lr=0.00027
step=456000 epoch=16 loss=10.4155 acc=0.966748 lr=0.00027
step=457000 epoch=16 loss=10.3932 acc=0.967082 lr=0.00027
step=458000 epoch=16 loss=10.3947 acc=0.967050 lr=0.00027
step=459000 epoch=16 loss=10.4068 acc=0.967050 lr=0.00027
step=460000 epoch=16 loss=10.4239 acc=0.967028 lr=0.00027
step=461000 epoch=16 loss=10.4305 acc=0.966950 lr=0.00027
step=462000 epoch=16 loss=10.4449 acc=0.966844 lr=0.00027
step=463000 epoch=16 loss=10.4575 acc=0.966737 lr=0.00027
step=464000 epoch=16 loss=10.4703 acc=0.966711 lr=0.00027
step=465000 epoch=16 loss=10.4796 acc=0.966610 lr=0.00027
step=466000 epoch=16 loss=10.4892 acc=0.966521 lr=0.00027
step=467000 epoch=16 loss=10.5001 acc=0.966454 lr=0.00027
step=468000 epoch=16 loss=10.5115 acc=0.966399 lr=0.00027
step=469000 epoch=16 loss=10.5191 acc=0.966330 lr=0.00027
step=470000 epoch=16 loss=10.5255 acc=0.966324 lr=0.00027
step=471000 epoch=16 loss=10.5338 acc=0.966309 lr=0.00027
step=472000 epoch=16 loss=10.5439 acc=0.966246 lr=0.00027
step=473000 epoch=16 loss=10.5502 acc=0.966201 lr=0.00027
step=474000 epoch=16 loss=10.5579 acc=0.966127 lr=0.00027
step=475000 epoch=16 loss=10.5680 acc=0.966046 lr=0.00027
step=476000 epoch=16 loss=10.5751 acc=0.965970 lr=0.00027
step=477000 epoch=16 loss=10.5823 acc=0.965887 lr=0.00027
step=478000 epoch=16 loss=10.5902 acc=0.965783 lr=0.00027
step=479000 epoch=16 loss=10.5958 acc=0.965744 lr=0.00027
step=480000 epoch=16 loss=10.6031 acc=0.965706 lr=0.00027
step=481000 epoch=16 loss=10.6115 acc=0.965611 lr=0.00027
step=482000 epoch=16 loss=10.6179 acc=0.965573 lr=0.00027
step=483000 epoch=16 loss=10.6232 acc=0.965524 lr=0.00027
step=484000 epoch=16 loss=10.6289 acc=0.965471 lr=0.00027
step=485000 epoch=16 loss=10.6347 acc=0.965414 lr=0.00027
epoch=16 train_loss=10.6358 train_acc=0.965399 epoch_time=2884.3s ETA=03:12:17
step=486000 epoch=17 loss=10.3112 acc=0.968350 lr=0.00027
step=487000 epoch=17 loss=10.3593 acc=0.968031 lr=0.00027
step=488000 epoch=17 loss=10.3742 acc=0.967753 lr=0.00027
step=489000 epoch=17 loss=10.3909 acc=0.967529 lr=0.00027
step=490000 epoch=17 loss=10.4086 acc=0.967373 lr=0.00027
step=491000 epoch=17 loss=10.4250 acc=0.967282 lr=0.00027
step=492000 epoch=17 loss=10.4357 acc=0.967153 lr=0.00027
step=493000 epoch=17 loss=10.4490 acc=0.967059 lr=0.00027
step=494000 epoch=17 loss=10.4611 acc=0.966904 lr=0.00027
step=495000 epoch=17 loss=10.4716 acc=0.966810 lr=0.00027
step=496000 epoch=17 loss=10.4832 acc=0.966741 lr=0.00027
step=497000 epoch=17 loss=10.4926 acc=0.966696 lr=0.00027
step=498000 epoch=17 loss=10.5050 acc=0.966561 lr=0.00027
step=499000 epoch=17 loss=10.5125 acc=0.966460 lr=0.00027
step=500000 epoch=17 loss=10.5220 acc=0.966391 lr=0.00027
step=501000 epoch=17 loss=10.5325 acc=0.966303 lr=0.00027
step=502000 epoch=17 loss=10.5418 acc=0.966245 lr=0.00027
step=503000 epoch=17 loss=10.5507 acc=0.966174 lr=0.00027
step=504000 epoch=17 loss=10.5575 acc=0.966155 lr=0.00027
step=505000 epoch=17 loss=10.5665 acc=0.966092 lr=0.00027
step=506000 epoch=17 loss=10.5756 acc=0.965999 lr=0.00027
step=507000 epoch=17 loss=10.5838 acc=0.965908 lr=0.00027
step=508000 epoch=17 loss=10.5915 acc=0.965853 lr=0.00027
step=509000 epoch=17 loss=10.5990 acc=0.965786 lr=0.00027
step=510000 epoch=17 loss=10.6064 acc=0.965731 lr=0.00027
step=511000 epoch=17 loss=10.6121 acc=0.965694 lr=0.00027
step=512000 epoch=17 loss=10.6187 acc=0.965620 lr=0.00027
step=513000 epoch=17 loss=10.6258 acc=0.965546 lr=0.00027
step=514000 epoch=17 loss=10.6317 acc=0.965511 lr=0.00027
step=515000 epoch=17 loss=10.6374 acc=0.965472 lr=0.00027
epoch=17 train_loss=10.6395 train_acc=0.965445 epoch_time=2944.7s ETA=02:27:14
step=516000 epoch=18 loss=10.3977 acc=0.967687 lr=0.00027
step=517000 epoch=18 loss=10.3767 acc=0.967799 lr=0.00027
step=518000 epoch=18 loss=10.3669 acc=0.967967 lr=0.00027
step=519000 epoch=18 loss=10.3751 acc=0.967852 lr=0.00027
step=520000 epoch=18 loss=10.3933 acc=0.967575 lr=0.00027
step=521000 epoch=18 loss=10.4097 acc=0.967492 lr=0.00027
step=522000 epoch=18 loss=10.4235 acc=0.967366 lr=0.00027
step=523000 epoch=18 loss=10.4457 acc=0.967121 lr=0.00027
step=524000 epoch=18 loss=10.4581 acc=0.967050 lr=0.00027
step=525000 epoch=18 loss=10.4668 acc=0.966982 lr=0.00027
step=526000 epoch=18 loss=10.4770 acc=0.966847 lr=0.00027
step=527000 epoch=18 loss=10.4850 acc=0.966788 lr=0.00027
step=528000 epoch=18 loss=10.4941 acc=0.966759 lr=0.00027
step=529000 epoch=18 loss=10.5020 acc=0.966744 lr=0.00027
step=530000 epoch=18 loss=10.5130 acc=0.966653 lr=0.00027
step=531000 epoch=18 loss=10.5248 acc=0.966554 lr=0.00027
step=532000 epoch=18 loss=10.5356 acc=0.966457 lr=0.00027
step=533000 epoch=18 loss=10.5451 acc=0.966363 lr=0.00027
step=534000 epoch=18 loss=10.5543 acc=0.966285 lr=0.00027
step=535000 epoch=18 loss=10.5626 acc=0.966210 lr=0.00027
step=536000 epoch=18 loss=10.5702 acc=0.966161 lr=0.00027
step=537000 epoch=18 loss=10.5784 acc=0.966088 lr=0.00027
step=538000 epoch=18 loss=10.5885 acc=0.965975 lr=0.00027
step=539000 epoch=18 loss=10.5965 acc=0.965893 lr=0.00027
step=540000 epoch=18 loss=10.6027 acc=0.965855 lr=0.00027
step=541000 epoch=18 loss=10.6117 acc=0.965768 lr=0.00027
step=542000 epoch=18 loss=10.6187 acc=0.965706 lr=0.00027
step=543000 epoch=18 loss=10.6246 acc=0.965620 lr=0.00027
step=544000 epoch=18 loss=10.6304 acc=0.965568 lr=0.00027
step=545000 epoch=18 loss=10.6393 acc=0.965490 lr=0.00027
epoch=18 train_loss=10.6445 train_acc=0.965438 epoch_time=2872.7s ETA=01:35:45
step=546000 epoch=19 loss=10.3729 acc=0.967562 lr=0.00027
step=547000 epoch=19 loss=10.3735 acc=0.967619 lr=0.00027
step=548000 epoch=19 loss=10.3699 acc=0.967659 lr=0.00027
step=549000 epoch=19 loss=10.3911 acc=0.967308 lr=0.00027
step=550000 epoch=19 loss=10.3991 acc=0.967226 lr=0.00027
step=551000 epoch=19 loss=10.4126 acc=0.967169 lr=0.00027
step=552000 epoch=19 loss=10.4289 acc=0.967103 lr=0.00027
step=553000 epoch=19 loss=10.4473 acc=0.967013 lr=0.00027
step=554000 epoch=19 loss=10.4572 acc=0.966940 lr=0.00027
step=555000 epoch=19 loss=10.4718 acc=0.966822 lr=0.00027
step=556000 epoch=19 loss=10.4794 acc=0.966780 lr=0.00027
step=557000 epoch=19 loss=10.4902 acc=0.966688 lr=0.00027
step=558000 epoch=19 loss=10.4990 acc=0.966645 lr=0.00027
step=559000 epoch=19 loss=10.5121 acc=0.966489 lr=0.00027
step=560000 epoch=19 loss=10.5224 acc=0.966435 lr=0.00027
step=561000 epoch=19 loss=10.5342 acc=0.966359 lr=0.00027
step=562000 epoch=19 loss=10.5446 acc=0.966297 lr=0.00027
step=563000 epoch=19 loss=10.5539 acc=0.966240 lr=0.00027
step=564000 epoch=19 loss=10.5628 acc=0.966151 lr=0.00027
step=565000 epoch=19 loss=10.5709 acc=0.966085 lr=0.00027
step=566000 epoch=19 loss=10.5820 acc=0.965997 lr=0.00027
step=567000 epoch=19 loss=10.5892 acc=0.965932 lr=0.00027
step=568000 epoch=19 loss=10.5960 acc=0.965878 lr=0.00027
step=569000 epoch=19 loss=10.6033 acc=0.965812 lr=0.00027
step=570000 epoch=19 loss=10.6096 acc=0.965785 lr=0.00027
step=571000 epoch=19 loss=10.6172 acc=0.965746 lr=0.00027
step=572000 epoch=19 loss=10.6244 acc=0.965692 lr=0.00027
step=573000 epoch=19 loss=10.6302 acc=0.965648 lr=0.00027
step=574000 epoch=19 loss=10.6360 acc=0.965610 lr=0.00027
step=575000 epoch=19 loss=10.6438 acc=0.965534 lr=0.00027
step=576000 epoch=19 loss=10.6496 acc=0.965486 lr=0.00027
epoch=19 train_loss=10.6503 train_acc=0.965476 epoch_time=2839.5s ETA=00:47:19
step=577000 epoch=20 loss=10.3431 acc=0.967876 lr=0.00027
step=578000 epoch=20 loss=10.3595 acc=0.967712 lr=0.00027
step=579000 epoch=20 loss=10.3685 acc=0.967558 lr=0.00027
step=580000 epoch=20 loss=10.3806 acc=0.967637 lr=0.00027
step=581000 epoch=20 loss=10.3923 acc=0.967510 lr=0.00027
step=582000 epoch=20 loss=10.4092 acc=0.967406 lr=0.00027
step=583000 epoch=20 loss=10.4264 acc=0.967302 lr=0.00027
step=584000 epoch=20 loss=10.4437 acc=0.967157 lr=0.00027
step=585000 epoch=20 loss=10.4578 acc=0.967092 lr=0.00027
step=586000 epoch=20 loss=10.4701 acc=0.966968 lr=0.00027
step=587000 epoch=20 loss=10.4806 acc=0.966881 lr=0.00027
step=588000 epoch=20 loss=10.4934 acc=0.966839 lr=0.00027
step=589000 epoch=20 loss=10.5023 acc=0.966780 lr=0.00027
step=590000 epoch=20 loss=10.5116 acc=0.966624 lr=0.00027
step=591000 epoch=20 loss=10.5253 acc=0.966516 lr=0.00027
step=592000 epoch=20 loss=10.5380 acc=0.966451 lr=0.00027
step=593000 epoch=20 loss=10.5483 acc=0.966405 lr=0.00027
step=594000 epoch=20 loss=10.5600 acc=0.966296 lr=0.00027
step=595000 epoch=20 loss=10.5713 acc=0.966197 lr=0.00027
step=596000 epoch=20 loss=10.5791 acc=0.966138 lr=0.00027
step=597000 epoch=20 loss=10.5863 acc=0.966105 lr=0.00027
step=598000 epoch=20 loss=10.5957 acc=0.966022 lr=0.00027
step=599000 epoch=20 loss=10.6035 acc=0.965960 lr=0.00027
step=600000 epoch=20 loss=10.6102 acc=0.965895 lr=0.00027
step=601000 epoch=20 loss=10.6186 acc=0.965816 lr=0.00027
step=602000 epoch=20 loss=10.6260 acc=0.965763 lr=0.00027
step=603000 epoch=20 loss=10.6331 acc=0.965706 lr=0.00027
step=604000 epoch=20 loss=10.6394 acc=0.965661 lr=0.00027
step=605000 epoch=20 loss=10.6466 acc=0.965604 lr=0.00027
step=606000 epoch=20 loss=10.6531 acc=0.965538 lr=0.00027
epoch=20 train_loss=10.6564 train_acc=0.965502 epoch_time=2841.9s ETA=00:00:00
